app/(pages)/staff/cashier/cash-drawer/page.tsx(698,11): error TS17002: Expected corresponding JSX closing tag for 'div'.
app/(pages)/staff/cashier/cash-drawer/page.tsx(1161,7): error TS1128: Declaration or statement expected.
app/(pages)/staff/cashier/cash-drawer/page.tsx(1162,5): error TS1109: Expression expected.
app/(pages)/staff/cashier/cash-drawer/page.tsx(1163,3): error TS1109: Expression expected.
app/(pages)/staff/cashier/cash-drawer/page.tsx(1164,1): error TS1128: Declaration or statement expected.
app/(pages)/staff/reservations/page.tsx(563,12): error TS17008: JSX element 'div' has no corresponding closing tag.
app/(pages)/staff/reservations/page.tsx(738,15): error TS1381: Unexpected token. Did you mean `{'}'}` or `&rbrace;`?
app/(pages)/staff/reservations/page.tsx(739,14): error TS1381: Unexpected token. Did you mean `{'}'}` or `&rbrace;`?
app/(pages)/staff/reservations/page.tsx(741,11): error TS1005: ')' expected.
